// Jest Snapshot v1, https://goo.gl/fbAQLP

exports[`renders correctly 1`] = `
<View
  style={
    Object {
      "alignItems": "center",
      "backgroundColor": "#fff",
      "flex": 1,
      "justifyContent": "flex-start",
    }
  }
>
  <Image
    resizeMode="contain"
    source={1}
    style={
      Object {
        "height": 200,
        "width": 400,
      }
    }
  />
  <View
    accessibilityComponentType={undefined}
    accessibilityLabel={undefined}
    accessibilityTraits={undefined}
    accessible={true}
    hasTVPreferredFocus={undefined}
    hitSlop={undefined}
    isTVSelectable={true}
    nativeID={undefined}
    onLayout={undefined}
    onResponderGrant={[Function]}
    onResponderMove={[Function]}
    onResponderRelease={[Function]}
    onResponderTerminate={[Function]}
    onResponderTerminationRequest={[Function]}
    onStartShouldSetResponder={[Function]}
    style={
      Array [
        Object {
          "backgroundColor": "transparent",
        },
        Object {
          "alignItems": "center",
          "alignSelf": "stretch",
          "backgroundColor": "#333",
          "borderColor": "#05A5D1",
          "borderWidth": 2,
          "height": 60,
          "justifyContent": "center",
          "margin": 10,
        },
      ]
    }
    testID={undefined}
    tvParallaxProperties={undefined}
  >
    <Text
      accessible={true}
      allowFontScaling={true}
      disabled={false}
      ellipsizeMode="tail"
      style={
        Object {
          "color": "#FAFAFA",
          "fontSize": 20,
          "fontWeight": "600",
          "margin": 20,
        }
      }
    >
      Buscar Mascota perdida
    </Text>
  </View>
</View>
`;
